************* Module chronos_strategy
src/strategies/chronos_strategy.py:3:0: E0401: Unable to import 'mlflow' (import-error)
src/strategies/chronos_strategy.py:6:0: E0401: Unable to import 'autogluon.timeseries' (import-error)
src/strategies/chronos_strategy.py:8:0: E0401: Unable to import 'backtest_utils' (import-error)
************* Module martingale_strategy
src/strategies/martingale_strategy.py:1:0: E0401: Unable to import 'backtest_utils' (import-error)
************* Module ml_strategy
src/strategies/ml_strategy.py:3:0: E0401: Unable to import 'backtesting' (import-error)
src/strategies/ml_strategy.py:4:0: E0401: Unable to import 'sklearn.svm' (import-error)
src/strategies/ml_strategy.py:5:0: E0401: Unable to import 'sklearn.ensemble' (import-error)
src/strategies/ml_strategy.py:6:0: E0401: Unable to import 'sklearn.preprocessing' (import-error)
src/strategies/ml_strategy.py:7:0: E0401: Unable to import 'xgboost' (import-error)
src/strategies/ml_strategy.py:8:0: E0401: Unable to import 'scipy.signal' (import-error)
src/strategies/ml_strategy.py:9:0: E0401: Unable to import 'scipy.stats' (import-error)
src/strategies/ml_strategy.py:10:0: E0401: Unable to import 'sklearn.utils.class_weight' (import-error)
src/strategies/ml_strategy.py:13:0: E0401: Unable to import 'backtest_utils' (import-error)
************* Module palazzo_strategy
src/strategies/palazzo_strategy.py:3:0: E0401: Unable to import 'backtesting' (import-error)
src/strategies/palazzo_strategy.py:4:0: E0401: Unable to import 'sklearn.preprocessing' (import-error)
src/strategies/palazzo_strategy.py:5:0: E0401: Unable to import 'xgboost' (import-error)
src/strategies/palazzo_strategy.py:7:0: E0401: Unable to import 'src.backtesting' (import-error)
************* Module statistical_strategies
src/strategies/statistical_strategies.py:3:0: E0401: Unable to import 'backtesting' (import-error)
src/strategies/statistical_strategies.py:4:0: E0401: Unable to import 'prophet' (import-error)
src/strategies/statistical_strategies.py:5:0: E0401: Unable to import 'statsmodels.api' (import-error)
src/strategies/statistical_strategies.py:6:0: E0401: Unable to import 'pykalman' (import-error)
src/strategies/statistical_strategies.py:10:0: E0401: Unable to import 'backtest_utils' (import-error)
************* Module trading_strategies
src/strategies/trading_strategies.py:1:0: E0401: Unable to import 'backtesting.lib' (import-error)
src/strategies/trading_strategies.py:3:0: E0401: Unable to import 'src.backtest_utils' (import-error)

------------------------------------------------------------------
Your code has been rated at 9.01/10 (previous run: 9.01/10, +0.00)

